2026-01-29 09:32:58,736 [INFO] Activator:176 - 


2026-01-29 09:32:58,739 [INFO] Activator:177 - !SESSION log4j initialized
2026-01-29 09:33:10,484 [INFO] LogOutputStream:77 - [STDOUT_REDIRECT] 
2026-01-29 09:33:17,569 [INFO] ApplicationProperties:184 - Using Application install path: /opt/st/stm32cubeide_1.19.0_3/plugins/com.st.stm32cube.common.mx_6.15.0.202507011659
2026-01-29 09:33:17,897 [INFO] DbMcusXml:78 - Set database path to: /opt/st/stm32cubeide_1.19.0_3/plugins/com.st.stm32cube.common.mx_6.15.0.202507011659//db//mcu/
2026-01-29 09:33:17,897 [INFO] ApiDb:274 - Set plugin database path to: /opt/st/stm32cubeide_1.19.0_3/plugins/com.st.stm32cube.common.mx_6.15.0.202507011659//db//plugins/boardmanager/
2026-01-29 09:33:17,898 [WARN] ApiDb:259 - Overriding images path with different value:  => /opt/st/stm32cubeide_1.19.0_3/plugins/com.st.stm32cube.common.mx_6.15.0.202507011659//db//plugins/mcufinder/images/
2026-01-29 09:33:18,139 [INFO] ApiDb:250 - Set database path to: /home/sunbeam/.stmcufinder/plugins/mcufinder//mcu/
2026-01-29 09:33:18,144 [INFO] DbMcusAds:125 - Set database path to: /home/sunbeam/.stmcufinder/plugins/mcufinder//mcu/
2026-01-29 09:33:18,153 [INFO] CrossReferenceDbSqlite:203 - Set database path to: /home/sunbeam/.stmcufinder/plugins/mcufinder//mcu/cs/
2026-01-29 09:33:18,796 [INFO] RulesReader:64 - Compatibility file has been processed (317 Rules)
2026-01-29 09:33:19,190 [INFO] DbMcusXml:78 - Set database path to: /opt/st/stm32cubeide_1.19.0_3/plugins/com.st.stm32cube.common.mx_6.15.0.202507011659//db//mcu/
2026-01-29 09:33:19,191 [INFO] ApiDb:274 - Set plugin database path to: /opt/st/stm32cubeide_1.19.0_3/plugins/com.st.stm32cube.common.mx_6.15.0.202507011659//db//plugins/boardmanager/
2026-01-29 09:33:19,192 [INFO] ApiDb:261 - Set plugin images path to: /opt/st/stm32cubeide_1.19.0_3/plugins/com.st.stm32cube.common.mx_6.15.0.202507011659//db//plugins/mcufinder/images/
2026-01-29 09:33:19,194 [WARN] DbFile:41 - Overriding database path with different value: /home/sunbeam/.stmcufinder/plugins/mcufinder/ => /home/sunbeam/.stmcufinder/plugins/mcufinder
2026-01-29 09:33:19,195 [INFO] ApiDb:250 - Set database path to: /home/sunbeam/.stmcufinder/plugins/mcufinder//mcu/
2026-01-29 09:33:19,196 [WARN] DbFile:41 - Overriding database path with different value: /home/sunbeam/.stmcufinder/plugins/mcufinder/ => /home/sunbeam/.stmcufinder/plugins/mcufinder
2026-01-29 09:33:19,196 [INFO] DbMcusAds:125 - Set database path to: /home/sunbeam/.stmcufinder/plugins/mcufinder//mcu/
2026-01-29 09:33:19,197 [WARN] DbFile:41 - Overriding database path with different value: /home/sunbeam/.stmcufinder/plugins/mcufinder/ => /home/sunbeam/.stmcufinder/plugins/mcufinder
2026-01-29 09:33:19,198 [WARN] DbFile:41 - Overriding database path with different value: /home/sunbeam/.stmcufinder/plugins/mcufinder/ => /home/sunbeam/.stmcufinder/plugins/mcufinder
2026-01-29 09:33:19,198 [INFO] CrossReferenceDbSqlite:203 - Set database path to: /home/sunbeam/.stmcufinder/plugins/mcufinder//mcu/cs/
2026-01-29 09:33:20,045 [INFO] MainPanel:274 - HeapMemory: 268435456
2026-01-29 09:33:22,127 [INFO] DbMcusXml:78 - Set database path to: /opt/st/stm32cubeide_1.19.0_3/plugins/com.st.stm32cube.common.mx_6.15.0.202507011659//db//mcu/
2026-01-29 09:33:22,127 [INFO] ApiDb:274 - Set plugin database path to: /opt/st/stm32cubeide_1.19.0_3/plugins/com.st.stm32cube.common.mx_6.15.0.202507011659//db//plugins/boardmanager/
2026-01-29 09:33:22,127 [INFO] ApiDb:261 - Set plugin images path to: /opt/st/stm32cubeide_1.19.0_3/plugins/com.st.stm32cube.common.mx_6.15.0.202507011659//db//plugins/mcufinder/images/
2026-01-29 09:33:22,128 [WARN] DbFile:41 - Overriding database path with different value: /home/sunbeam/.stmcufinder/plugins/mcufinder/ => /home/sunbeam/.stmcufinder/plugins/mcufinder
2026-01-29 09:33:22,128 [INFO] ApiDb:250 - Set database path to: /home/sunbeam/.stmcufinder/plugins/mcufinder//mcu/
2026-01-29 09:33:22,128 [WARN] DbFile:41 - Overriding database path with different value: /home/sunbeam/.stmcufinder/plugins/mcufinder/ => /home/sunbeam/.stmcufinder/plugins/mcufinder
2026-01-29 09:33:22,129 [INFO] DbMcusAds:125 - Set database path to: /home/sunbeam/.stmcufinder/plugins/mcufinder//mcu/
2026-01-29 09:33:22,129 [WARN] DbFile:41 - Overriding database path with different value: /home/sunbeam/.stmcufinder/plugins/mcufinder/ => /home/sunbeam/.stmcufinder/plugins/mcufinder
2026-01-29 09:33:22,129 [WARN] DbFile:41 - Overriding database path with different value: /home/sunbeam/.stmcufinder/plugins/mcufinder/ => /home/sunbeam/.stmcufinder/plugins/mcufinder
2026-01-29 09:33:22,129 [INFO] CrossReferenceDbSqlite:203 - Set database path to: /home/sunbeam/.stmcufinder/plugins/mcufinder//mcu/cs/
2026-01-29 09:33:22,179 [INFO] ApplicationProperties:184 - Using Application install path: /opt/st/stm32cubeide_1.19.0_3/plugins/com.st.stm32cube.common.mx_6.15.0.202507011659
2026-01-29 09:33:22,230 [INFO] PluginManage:196 - Search for loadable plugins [exclusion list=, ]
2026-01-29 09:33:22,358 [INFO] PluginManage:310 - Check plugin analytics
2026-01-29 09:33:23,423 [INFO] AnalyticsPlugin:253 - Accepted Software Licenses: 
2026-01-29 09:33:23,425 [INFO] AnalyticsPlugin:255 - Accepted CMSIS Pack Licenses: 
2026-01-29 09:33:23,427 [INFO] AnalyticsPlugin:257 - Accepted Firmware Licenses: 
2026-01-29 09:33:23,443 [INFO] PluginManage:359 - Loaded plugin analytics (category:tool,tabindex:-1)
2026-01-29 09:33:23,445 [INFO] PluginManage:310 - Check plugin cadmodel
2026-01-29 09:33:23,778 [INFO] CADModel:105 - Init CAD model plugin
2026-01-29 09:33:23,779 [INFO] PluginManage:359 - Loaded plugin cadmodel (category:power,tabindex:5)
2026-01-29 09:33:23,780 [INFO] PluginManage:310 - Check plugin clock
2026-01-29 09:33:24,123 [INFO] PluginManage:359 - Loaded plugin clock (category:base,tabindex:2)
2026-01-29 09:33:24,124 [INFO] PluginManage:310 - Check plugin ddr
2026-01-29 09:33:24,401 [INFO] PluginManage:359 - Loaded plugin ddr (category:tool,tabindex:6)
2026-01-29 09:33:24,402 [INFO] PluginManage:310 - Check plugin filemanager
2026-01-29 09:33:26,343 [INFO] PluginManage:359 - Loaded plugin filemanager (category:base,tabindex:10)
2026-01-29 09:33:26,344 [INFO] PluginManage:310 - Check plugin ipmanager
2026-01-29 09:33:26,399 [INFO] PluginManage:359 - Loaded plugin ipmanager (category:base,tabindex:5)
2026-01-29 09:33:26,400 [INFO] PluginManage:310 - Check plugin lpbam
2026-01-29 09:33:26,565 [INFO] PluginManage:359 - Loaded plugin lpbam (category:base,tabindex:0)
2026-01-29 09:33:26,565 [INFO] PluginManage:310 - Check plugin memorymap
2026-01-29 09:33:26,869 [INFO] PluginManage:359 - Loaded plugin memorymap (category:base,tabindex:4)
2026-01-29 09:33:26,870 [INFO] PluginManage:310 - Check plugin pinoutandconfiguration
2026-01-29 09:33:27,026 [INFO] PluginManage:359 - Loaded plugin pinoutandconfiguration (category:base,tabindex:1)
2026-01-29 09:33:27,027 [INFO] PluginManage:310 - Check plugin pinoutconfig
2026-01-29 09:33:27,601 [WARN] SupportedApi:132 - Cannot load RTOS API schema: s4s-elt-must-match.1: The content of 'definitions' must match (annotation?, (simpleType | complexType)?, (unique | key | keyref)*)). A problem was found starting at: attribute.
2026-01-29 09:33:28,651 [INFO] PluginManage:359 - Loaded plugin pinoutconfig (category:base,tabindex:0)
2026-01-29 09:33:28,652 [INFO] PluginManage:310 - Check plugin power
2026-01-29 09:33:29,288 [INFO] PluginManage:359 - Loaded plugin power (category:power,tabindex:4)
2026-01-29 09:33:29,289 [INFO] PluginManage:310 - Check plugin projectmanager
2026-01-29 09:33:29,457 [INFO] PluginManage:359 - Loaded plugin projectmanager (category:projectmanager,tabindex:4)
2026-01-29 09:33:29,458 [INFO] PluginManage:310 - Check plugin rif
2026-01-29 09:33:29,651 [INFO] PluginManage:359 - Loaded plugin rif (category:base,tabindex:3)
2026-01-29 09:33:29,651 [INFO] PluginManage:310 - Check plugin thirdparty
2026-01-29 09:33:31,406 [WARN] IntegrityCheckThread:84 - waiting for thirdparty lock release [integrity check]
2026-01-29 09:33:31,407 [INFO] PluginManage:359 - Loaded plugin thirdparty (category:base,tabindex:-1)
2026-01-29 09:33:31,407 [INFO] IntegrityCheckThread:86 - entering critical section [integrity check]
2026-01-29 09:33:31,407 [INFO] PluginManage:310 - Check plugin tools
2026-01-29 09:33:31,408 [INFO] ThirdPartyUpdaterWithRetryManager:70 - Updater plugin not ready yet. [1/15]
2026-01-29 09:33:31,428 [INFO] PluginManage:359 - Loaded plugin tools (category:base,tabindex:7)
2026-01-29 09:33:31,429 [INFO] PluginManage:310 - Check plugin tutovideos
2026-01-29 09:33:32,726 [INFO] PluginManage:359 - Loaded plugin tutovideos (category:base,tabindex:-1)
2026-01-29 09:33:32,727 [INFO] PluginManage:310 - Check plugin updater
2026-01-29 09:33:33,235 [INFO] PluginManage:359 - Loaded plugin updater (category:base,tabindex:12)
2026-01-29 09:33:33,235 [INFO] PluginManage:310 - Check plugin userauth
2026-01-29 09:33:33,342 [INFO] UserAuth:118 - Init User Auth plugin
2026-01-29 09:33:33,345 [INFO] PluginManage:359 - Loaded plugin userauth (category:base,tabindex:14)
2026-01-29 09:33:33,348 [INFO] PluginManage:283 - PluginManage : Loaded plugins [18]
2026-01-29 09:33:34,409 [INFO] ThirdPartyUpdaterWithRetryManager:70 - Updater plugin not ready yet. [2/15]
2026-01-29 09:33:46,321 [INFO] Activator:176 - 


2026-01-29 09:33:46,325 [INFO] Activator:177 - !SESSION log4j initialized
2026-01-29 09:33:49,952 [INFO] LogOutputStream:77 - [STDOUT_REDIRECT] 
2026-01-29 09:33:54,451 [INFO] ApplicationProperties:184 - Using Application install path: /opt/st/stm32cubeide_1.19.0_3/plugins/com.st.stm32cube.common.mx_6.15.0.202507011659
2026-01-29 09:33:54,513 [INFO] DbMcusXml:78 - Set database path to: /opt/st/stm32cubeide_1.19.0_3/plugins/com.st.stm32cube.common.mx_6.15.0.202507011659//db//mcu/
2026-01-29 09:33:54,514 [INFO] ApiDb:274 - Set plugin database path to: /opt/st/stm32cubeide_1.19.0_3/plugins/com.st.stm32cube.common.mx_6.15.0.202507011659//db//plugins/boardmanager/
2026-01-29 09:33:54,514 [WARN] ApiDb:259 - Overriding images path with different value:  => /opt/st/stm32cubeide_1.19.0_3/plugins/com.st.stm32cube.common.mx_6.15.0.202507011659//db//plugins/mcufinder/images/
2026-01-29 09:33:54,521 [INFO] ApiDb:250 - Set database path to: /home/sunbeam/.stmcufinder/plugins/mcufinder//mcu/
2026-01-29 09:33:54,523 [INFO] DbMcusAds:125 - Set database path to: /home/sunbeam/.stmcufinder/plugins/mcufinder//mcu/
2026-01-29 09:33:54,526 [INFO] CrossReferenceDbSqlite:203 - Set database path to: /home/sunbeam/.stmcufinder/plugins/mcufinder//mcu/cs/
2026-01-29 09:33:54,727 [INFO] RulesReader:64 - Compatibility file has been processed (317 Rules)
2026-01-29 09:33:54,824 [INFO] DbMcusXml:78 - Set database path to: /opt/st/stm32cubeide_1.19.0_3/plugins/com.st.stm32cube.common.mx_6.15.0.202507011659//db//mcu/
2026-01-29 09:33:54,825 [INFO] ApiDb:274 - Set plugin database path to: /opt/st/stm32cubeide_1.19.0_3/plugins/com.st.stm32cube.common.mx_6.15.0.202507011659//db//plugins/boardmanager/
2026-01-29 09:33:54,825 [INFO] ApiDb:261 - Set plugin images path to: /opt/st/stm32cubeide_1.19.0_3/plugins/com.st.stm32cube.common.mx_6.15.0.202507011659//db//plugins/mcufinder/images/
2026-01-29 09:33:54,825 [WARN] DbFile:41 - Overriding database path with different value: /home/sunbeam/.stmcufinder/plugins/mcufinder/ => /home/sunbeam/.stmcufinder/plugins/mcufinder
2026-01-29 09:33:54,825 [INFO] ApiDb:250 - Set database path to: /home/sunbeam/.stmcufinder/plugins/mcufinder//mcu/
2026-01-29 09:33:54,826 [WARN] DbFile:41 - Overriding database path with different value: /home/sunbeam/.stmcufinder/plugins/mcufinder/ => /home/sunbeam/.stmcufinder/plugins/mcufinder
2026-01-29 09:33:54,826 [INFO] DbMcusAds:125 - Set database path to: /home/sunbeam/.stmcufinder/plugins/mcufinder//mcu/
2026-01-29 09:33:54,826 [WARN] DbFile:41 - Overriding database path with different value: /home/sunbeam/.stmcufinder/plugins/mcufinder/ => /home/sunbeam/.stmcufinder/plugins/mcufinder
2026-01-29 09:33:54,826 [WARN] DbFile:41 - Overriding database path with different value: /home/sunbeam/.stmcufinder/plugins/mcufinder/ => /home/sunbeam/.stmcufinder/plugins/mcufinder
2026-01-29 09:33:54,826 [INFO] CrossReferenceDbSqlite:203 - Set database path to: /home/sunbeam/.stmcufinder/plugins/mcufinder//mcu/cs/
2026-01-29 09:33:54,933 [INFO] MainPanel:274 - HeapMemory: 268435456
2026-01-29 09:33:55,132 [INFO] DbMcusXml:78 - Set database path to: /opt/st/stm32cubeide_1.19.0_3/plugins/com.st.stm32cube.common.mx_6.15.0.202507011659//db//mcu/
2026-01-29 09:33:55,132 [INFO] ApiDb:274 - Set plugin database path to: /opt/st/stm32cubeide_1.19.0_3/plugins/com.st.stm32cube.common.mx_6.15.0.202507011659//db//plugins/boardmanager/
2026-01-29 09:33:55,132 [INFO] ApiDb:261 - Set plugin images path to: /opt/st/stm32cubeide_1.19.0_3/plugins/com.st.stm32cube.common.mx_6.15.0.202507011659//db//plugins/mcufinder/images/
2026-01-29 09:33:55,133 [WARN] DbFile:41 - Overriding database path with different value: /home/sunbeam/.stmcufinder/plugins/mcufinder/ => /home/sunbeam/.stmcufinder/plugins/mcufinder
2026-01-29 09:33:55,133 [INFO] ApiDb:250 - Set database path to: /home/sunbeam/.stmcufinder/plugins/mcufinder//mcu/
2026-01-29 09:33:55,133 [WARN] DbFile:41 - Overriding database path with different value: /home/sunbeam/.stmcufinder/plugins/mcufinder/ => /home/sunbeam/.stmcufinder/plugins/mcufinder
2026-01-29 09:33:55,133 [INFO] DbMcusAds:125 - Set database path to: /home/sunbeam/.stmcufinder/plugins/mcufinder//mcu/
2026-01-29 09:33:55,134 [WARN] DbFile:41 - Overriding database path with different value: /home/sunbeam/.stmcufinder/plugins/mcufinder/ => /home/sunbeam/.stmcufinder/plugins/mcufinder
2026-01-29 09:33:55,134 [WARN] DbFile:41 - Overriding database path with different value: /home/sunbeam/.stmcufinder/plugins/mcufinder/ => /home/sunbeam/.stmcufinder/plugins/mcufinder
2026-01-29 09:33:55,134 [INFO] CrossReferenceDbSqlite:203 - Set database path to: /home/sunbeam/.stmcufinder/plugins/mcufinder//mcu/cs/
2026-01-29 09:33:55,162 [INFO] ApplicationProperties:184 - Using Application install path: /opt/st/stm32cubeide_1.19.0_3/plugins/com.st.stm32cube.common.mx_6.15.0.202507011659
2026-01-29 09:33:55,166 [INFO] PluginManage:196 - Search for loadable plugins [exclusion list=, ]
2026-01-29 09:33:55,169 [INFO] PluginManage:310 - Check plugin analytics
2026-01-29 09:33:55,658 [INFO] AnalyticsPlugin:253 - Accepted Software Licenses: 
2026-01-29 09:33:55,659 [INFO] AnalyticsPlugin:255 - Accepted CMSIS Pack Licenses: 
2026-01-29 09:33:55,661 [INFO] AnalyticsPlugin:257 - Accepted Firmware Licenses: 
2026-01-29 09:33:55,675 [INFO] PluginManage:359 - Loaded plugin analytics (category:tool,tabindex:-1)
2026-01-29 09:33:55,676 [INFO] PluginManage:310 - Check plugin cadmodel
2026-01-29 09:33:55,688 [INFO] CADModel:105 - Init CAD model plugin
2026-01-29 09:33:55,689 [INFO] PluginManage:359 - Loaded plugin cadmodel (category:power,tabindex:5)
2026-01-29 09:33:55,690 [INFO] PluginManage:310 - Check plugin clock
2026-01-29 09:33:55,721 [INFO] PluginManage:359 - Loaded plugin clock (category:base,tabindex:2)
2026-01-29 09:33:55,722 [INFO] PluginManage:310 - Check plugin ddr
2026-01-29 09:33:55,728 [INFO] PluginManage:359 - Loaded plugin ddr (category:tool,tabindex:6)
2026-01-29 09:33:55,729 [INFO] PluginManage:310 - Check plugin filemanager
2026-01-29 09:33:56,099 [INFO] PluginManage:359 - Loaded plugin filemanager (category:base,tabindex:10)
2026-01-29 09:33:56,100 [INFO] PluginManage:310 - Check plugin ipmanager
2026-01-29 09:33:56,114 [INFO] PluginManage:359 - Loaded plugin ipmanager (category:base,tabindex:5)
2026-01-29 09:33:56,115 [INFO] PluginManage:310 - Check plugin lpbam
2026-01-29 09:33:56,138 [INFO] PluginManage:359 - Loaded plugin lpbam (category:base,tabindex:0)
2026-01-29 09:33:56,139 [INFO] PluginManage:310 - Check plugin memorymap
2026-01-29 09:33:56,163 [INFO] PluginManage:359 - Loaded plugin memorymap (category:base,tabindex:4)
2026-01-29 09:33:56,164 [INFO] PluginManage:310 - Check plugin pinoutandconfiguration
2026-01-29 09:33:56,180 [INFO] PluginManage:359 - Loaded plugin pinoutandconfiguration (category:base,tabindex:1)
2026-01-29 09:33:56,181 [INFO] PluginManage:310 - Check plugin pinoutconfig
2026-01-29 09:33:56,459 [WARN] SupportedApi:132 - Cannot load RTOS API schema: s4s-elt-must-match.1: The content of 'definitions' must match (annotation?, (simpleType | complexType)?, (unique | key | keyref)*)). A problem was found starting at: attribute.
2026-01-29 09:33:56,784 [INFO] PluginManage:359 - Loaded plugin pinoutconfig (category:base,tabindex:0)
2026-01-29 09:33:56,785 [INFO] PluginManage:310 - Check plugin power
2026-01-29 09:33:56,800 [INFO] PluginManage:359 - Loaded plugin power (category:power,tabindex:4)
2026-01-29 09:33:56,801 [INFO] PluginManage:310 - Check plugin projectmanager
2026-01-29 09:33:56,830 [INFO] PluginManage:359 - Loaded plugin projectmanager (category:projectmanager,tabindex:4)
2026-01-29 09:33:56,831 [INFO] PluginManage:310 - Check plugin rif
2026-01-29 09:33:56,844 [INFO] PluginManage:359 - Loaded plugin rif (category:base,tabindex:3)
2026-01-29 09:33:56,844 [INFO] PluginManage:310 - Check plugin thirdparty
2026-01-29 09:33:57,069 [INFO] PluginManage:359 - Loaded plugin thirdparty (category:base,tabindex:-1)
2026-01-29 09:33:57,068 [WARN] IntegrityCheckThread:84 - waiting for thirdparty lock release [integrity check]
2026-01-29 09:33:57,069 [INFO] PluginManage:310 - Check plugin tools
2026-01-29 09:33:57,069 [INFO] IntegrityCheckThread:86 - entering critical section [integrity check]
2026-01-29 09:33:57,071 [INFO] ThirdPartyUpdaterWithRetryManager:70 - Updater plugin not ready yet. [1/15]
2026-01-29 09:33:57,074 [INFO] PluginManage:359 - Loaded plugin tools (category:base,tabindex:7)
2026-01-29 09:33:57,075 [INFO] PluginManage:310 - Check plugin tutovideos
2026-01-29 09:33:57,364 [INFO] PluginManage:359 - Loaded plugin tutovideos (category:base,tabindex:-1)
2026-01-29 09:33:57,364 [INFO] PluginManage:310 - Check plugin updater
2026-01-29 09:33:57,413 [INFO] PluginManage:359 - Loaded plugin updater (category:base,tabindex:12)
2026-01-29 09:33:57,414 [INFO] PluginManage:310 - Check plugin userauth
2026-01-29 09:33:57,420 [INFO] UserAuth:118 - Init User Auth plugin
2026-01-29 09:33:57,422 [INFO] PluginManage:359 - Loaded plugin userauth (category:base,tabindex:14)
2026-01-29 09:33:57,424 [INFO] PluginManage:283 - PluginManage : Loaded plugins [18]
2026-01-29 09:33:58,228 [INFO] PinOutPanel:1589 - setPackage(No Configuration,No Configuration)
2026-01-29 09:33:58,412 [INFO] CADModel:165 - CPN selected for project level
2026-01-29 09:33:58,412 [INFO] CADModel:114 - Register for checkConnection events
2026-01-29 09:33:58,512 [INFO] IPUIPlugin:80 - create IPUIPlugin
2026-01-29 09:33:58,512 [INFO] PluginManager:220 - loadIPPluginJar : add i2s
2026-01-29 09:33:58,566 [INFO] IPUIPlugin:80 - create IPUIPlugin
2026-01-29 09:33:58,567 [INFO] PluginManager:220 - loadIPPluginJar : add pdm2pcm
2026-01-29 09:33:58,628 [INFO] IPUIPlugin:80 - create IPUIPlugin
2026-01-29 09:33:58,628 [INFO] PluginManager:220 - loadIPPluginJar : add gfxmmu
2026-01-29 09:33:58,658 [INFO] IPUIPlugin:80 - create IPUIPlugin
2026-01-29 09:33:58,658 [INFO] PluginManager:220 - loadIPPluginJar : add fmc
2026-01-29 09:33:58,664 [INFO] IPUIPlugin:80 - create IPUIPlugin
2026-01-29 09:33:58,665 [INFO] PluginManager:220 - loadIPPluginJar : add ucpd
2026-01-29 09:33:58,669 [INFO] IPUIPlugin:80 - create IPUIPlugin
2026-01-29 09:33:58,671 [INFO] PluginManager:220 - loadIPPluginJar : add radio
2026-01-29 09:33:58,677 [INFO] IPUIPlugin:80 - create IPUIPlugin
2026-01-29 09:33:58,677 [INFO] PluginManager:220 - loadIPPluginJar : add tracer_emb
2026-01-29 09:33:58,716 [INFO] IPUIPlugin:80 - create IPUIPlugin
2026-01-29 09:33:58,717 [INFO] PluginManager:220 - loadIPPluginJar : add freertos
2026-01-29 09:33:58,727 [INFO] IPUIPlugin:80 - create IPUIPlugin
2026-01-29 09:33:58,728 [INFO] PluginManager:220 - loadIPPluginJar : add touchsensing
2026-01-29 09:33:58,733 [INFO] IPUIPlugin:80 - create IPUIPlugin
2026-01-29 09:33:58,733 [INFO] PluginManager:220 - loadIPPluginJar : add quadspi
2026-01-29 09:33:58,770 [INFO] IPUIPlugin:80 - create IPUIPlugin
2026-01-29 09:33:58,772 [INFO] PluginManager:220 - loadIPPluginJar : add dma3
2026-01-29 09:33:58,781 [INFO] IPUIPlugin:80 - create IPUIPlugin
2026-01-29 09:33:58,782 [INFO] PluginManager:220 - loadIPPluginJar : add openamp
2026-01-29 09:33:58,788 [INFO] IPUIPlugin:80 - create IPUIPlugin
2026-01-29 09:33:58,788 [INFO] PluginManager:220 - loadIPPluginJar : add ts
2026-01-29 09:33:58,797 [INFO] IPUIPlugin:80 - create IPUIPlugin
2026-01-29 09:33:58,797 [INFO] PluginManager:220 - loadIPPluginJar : add lorawan
2026-01-29 09:33:58,804 [INFO] IPUIPlugin:80 - create IPUIPlugin
2026-01-29 09:33:58,804 [INFO] PluginManager:220 - loadIPPluginJar : add spi
2026-01-29 09:33:58,877 [INFO] IPUIPlugin:80 - create IPUIPlugin
2026-01-29 09:33:58,878 [INFO] PluginManager:220 - loadIPPluginJar : add gpio
2026-01-29 09:33:58,898 [INFO] IPUIPlugin:80 - create IPUIPlugin
2026-01-29 09:33:58,899 [INFO] PluginManager:220 - loadIPPluginJar : add dfsdm
2026-01-29 09:33:58,947 [INFO] IPUIPlugin:80 - create IPUIPlugin
2026-01-29 09:33:58,947 [INFO] PluginManager:220 - loadIPPluginJar : add linkedlist
2026-01-29 09:33:58,958 [INFO] IPUIPlugin:80 - create IPUIPlugin
2026-01-29 09:33:58,959 [INFO] PluginManager:220 - loadIPPluginJar : add stm32_wpan
2026-01-29 09:33:59,037 [INFO] IPUIPlugin:80 - create IPUIPlugin
2026-01-29 09:33:59,038 [INFO] PluginManager:220 - loadIPPluginJar : add nvic
2026-01-29 09:33:59,044 [INFO] IPUIPlugin:80 - create IPUIPlugin
2026-01-29 09:33:59,045 [INFO] PluginManager:220 - loadIPPluginJar : add i3c
2026-01-29 09:33:59,109 [INFO] IPUIPlugin:80 - create IPUIPlugin
2026-01-29 09:33:59,109 [INFO] PluginManager:220 - loadIPPluginJar : add dma
2026-01-29 09:33:59,112 [INFO] IPUIPlugin:80 - create IPUIPlugin
2026-01-29 09:33:59,113 [INFO] PluginManager:220 - loadIPPluginJar : add fatfs
2026-01-29 09:33:59,116 [INFO] IPUIPlugin:80 - create IPUIPlugin
2026-01-29 09:33:59,117 [INFO] PluginManager:220 - loadIPPluginJar : add tim
2026-01-29 09:33:59,211 [INFO] IPUIPlugin:80 - create IPUIPlugin
2026-01-29 09:33:59,212 [INFO] PluginManager:220 - loadIPPluginJar : add ddr_ctrl_phy
2026-01-29 09:33:59,221 [INFO] IPUIPlugin:80 - create IPUIPlugin
2026-01-29 09:33:59,222 [INFO] PluginManager:220 - loadIPPluginJar : add usbx
2026-01-29 09:33:59,239 [INFO] IPUIPlugin:80 - create IPUIPlugin
2026-01-29 09:33:59,246 [INFO] PluginManager:220 - loadIPPluginJar : add plateformsettings
2026-01-29 09:33:59,251 [INFO] IPUIPlugin:80 - create IPUIPlugin
2026-01-29 09:33:59,252 [INFO] PluginManager:220 - loadIPPluginJar : add cryp
2026-01-29 09:33:59,270 [INFO] IPUIPlugin:80 - create IPUIPlugin
2026-01-29 09:33:59,270 [INFO] PluginManager:220 - loadIPPluginJar : add resmgrutility
2026-01-29 09:33:59,277 [INFO] IPUIPlugin:80 - create IPUIPlugin
2026-01-29 09:33:59,277 [INFO] PluginManager:220 - loadIPPluginJar : add extmemmanager
2026-01-29 09:33:59,282 [INFO] IPUIPlugin:80 - create IPUIPlugin
2026-01-29 09:33:59,283 [INFO] PluginManager:220 - loadIPPluginJar : add aes
2026-01-29 09:33:59,286 [INFO] IPUIPlugin:80 - create IPUIPlugin
2026-01-29 09:33:59,286 [INFO] PluginManager:220 - loadIPPluginJar : add comp
2026-01-29 09:33:59,299 [INFO] IPUIPlugin:80 - create IPUIPlugin
2026-01-29 09:33:59,299 [INFO] PluginManager:220 - loadIPPluginJar : add gic
2026-01-29 09:33:59,305 [INFO] IPUIPlugin:80 - create IPUIPlugin
2026-01-29 09:33:59,305 [INFO] PluginManager:220 - loadIPPluginJar : add i2c
2026-01-29 09:33:59,311 [INFO] IPUIPlugin:80 - create IPUIPlugin
2026-01-29 09:33:59,312 [INFO] PluginManager:220 - loadIPPluginJar : add hash
2026-01-29 09:33:59,368 [INFO] IPUIPlugin:80 - create IPUIPlugin
2026-01-29 09:33:59,368 [INFO] PluginManager:220 - loadIPPluginJar : add mdma
2026-01-29 09:33:59,376 [INFO] IPUIPlugin:80 - create IPUIPlugin
2026-01-29 09:33:59,377 [INFO] PluginManager:220 - loadIPPluginJar : add gtzc
2026-01-29 09:33:59,382 [INFO] IPUIPlugin:80 - create IPUIPlugin
2026-01-29 09:33:59,383 [INFO] PluginManager:220 - loadIPPluginJar : add can
2026-01-29 09:33:59,386 [INFO] IPUIPlugin:80 - create IPUIPlugin
2026-01-29 09:33:59,386 [INFO] PluginManager:220 - loadIPPluginJar : add genericplugin
2026-01-29 09:33:59,389 [INFO] IPUIPlugin:80 - create IPUIPlugin
2026-01-29 09:33:59,390 [INFO] PluginManager:220 - loadIPPluginJar : add ltdc
2026-01-29 09:33:59,397 [INFO] IPUIPlugin:80 - create IPUIPlugin
2026-01-29 09:33:59,397 [INFO] PluginManager:220 - loadIPPluginJar : add usart
2026-01-29 09:33:59,404 [INFO] IPUIPlugin:80 - create IPUIPlugin
2026-01-29 09:33:59,405 [INFO] PluginManager:220 - loadIPPluginJar : add sai
2026-01-29 09:33:59,431 [INFO] IPUIPlugin:80 - create IPUIPlugin
2026-01-29 09:33:59,432 [INFO] PluginManager:220 - loadIPPluginJar : add opamp
2026-01-29 09:33:59,457 [INFO] IPUIPlugin:80 - create IPUIPlugin
2026-01-29 09:33:59,458 [INFO] PluginManager:220 - loadIPPluginJar : add adc
2026-01-29 09:33:59,531 [INFO] IPUIPlugin:80 - create IPUIPlugin
2026-01-29 09:33:59,531 [INFO] PluginManager:220 - loadIPPluginJar : add ipddr
2026-01-29 09:33:59,535 [INFO] IPUIPlugin:80 - create IPUIPlugin
2026-01-29 09:33:59,536 [INFO] PluginManager:220 - loadIPPluginJar : add tsc
2026-01-29 09:33:59,739 [FATAL] Updater:351 - Updater called before beeing initialized
2026-01-29 09:33:59,864 [INFO] RulesReader:64 - Compatibility file has been processed (317 Rules)
2026-01-29 09:33:59,898 [INFO] RulesReader:64 - Compatibility file has been processed (317 Rules)
2026-01-29 09:33:59,922 [INFO] CADModel:165 - CPN selected for project level
2026-01-29 09:33:59,923 [INFO] CADModel:114 - Register for checkConnection events
2026-01-29 09:33:59,923 [FATAL] Updater:351 - Updater called before beeing initialized
2026-01-29 09:33:59,923 [ERROR] CADModel:125 - Updater not yet initialized, retry later 
2026-01-29 09:34:00,072 [INFO] ThirdPartyUpdaterWithRetryManager:70 - Updater plugin not ready yet. [2/15]
2026-01-29 09:34:00,489 [FATAL] Updater:351 - Updater called before beeing initialized
2026-01-29 09:34:00,495 [INFO] CADModel:165 - CPN selected for project level
2026-01-29 09:34:00,495 [INFO] CADModel:114 - Register for checkConnection events
2026-01-29 09:34:00,496 [FATAL] Updater:351 - Updater called before beeing initialized
2026-01-29 09:34:00,496 [ERROR] CADModel:125 - Updater not yet initialized, retry later 
2026-01-29 09:34:00,506 [FATAL] Updater:351 - Updater called before beeing initialized
2026-01-29 09:34:00,838 [FATAL] Updater:351 - Updater called before beeing initialized
2026-01-29 09:34:00,917 [INFO] DbMcusAds:53 - JSON generation date=Thu Jan 08 21:27:51 IST 2026 (1767887871456)
2026-01-29 09:34:00,918 [FATAL] Updater:351 - Updater called before beeing initialized
2026-01-29 09:34:00,994 [WARN] DetailPanel:346 - Failed to get advertising image, set to default
2026-01-29 09:34:01,122 [FATAL] Updater:351 - Updater called before beeing initialized
2026-01-29 09:34:01,128 [FATAL] Updater:351 - Updater called before beeing initialized
2026-01-29 09:34:01,129 [FATAL] Updater:351 - Updater called before beeing initialized
2026-01-29 09:34:01,129 [WARN] DetailPanel:346 - Failed to get advertising image, set to default
2026-01-29 09:34:01,133 [FATAL] Updater:351 - Updater called before beeing initialized
2026-01-29 09:34:01,259 [ERROR] Updater:1198 - MainUpdater not yet initialized. External WinMGr cannot be set.
2026-01-29 09:34:01,278 [INFO] Updater:1134 - Updater Version found : 6.15.0
2026-01-29 09:34:01,354 [INFO] ApplicationProperties:184 - Using Application install path: /opt/st/stm32cubeide_1.19.0_3/plugins/com.st.stm32cube.common.mx_6.15.0.202507011659
2026-01-29 09:34:02,422 [INFO] MainUpdater:2872 - connection check result : 10
2026-01-29 09:34:02,423 [INFO] MainUpdater:289 - Updater Check For Update Now.
2026-01-29 09:34:02,423 [INFO] MicroXplorer:498 - Change Database Version : DB.6.0.150
2026-01-29 09:34:02,432 [INFO] McuFinderGlobals:63 - Set McuFinder mode to 2 (CubeIDE integrated)
2026-01-29 09:34:02,536 [INFO] UserAuth:487 - Internet connection configuration mode: 1
2026-01-29 09:34:02,783 [INFO] JxBrowserEngine:152 - Initiate JxBrowser Engine with user profile folder
2026-01-29 09:34:03,047 [INFO] CheckServerUpdateThread:120 - End of CheckServer Thread
2026-01-29 09:34:10,989 [ERROR] LogOutputStream:75 - [STDERR_REDIRECT] 
2026-01-29 09:34:23,551 [INFO] Activator:176 - 


2026-01-29 09:34:23,555 [INFO] Activator:177 - !SESSION log4j initialized
2026-01-29 09:34:27,370 [INFO] LogOutputStream:77 - [STDOUT_REDIRECT] 
2026-01-29 09:34:31,908 [INFO] ApplicationProperties:184 - Using Application install path: /opt/st/stm32cubeide_1.19.0_3/plugins/com.st.stm32cube.common.mx_6.15.0.202507011659
2026-01-29 09:34:31,935 [INFO] DbMcusXml:78 - Set database path to: /opt/st/stm32cubeide_1.19.0_3/plugins/com.st.stm32cube.common.mx_6.15.0.202507011659//db//mcu/
2026-01-29 09:34:31,936 [INFO] ApiDb:274 - Set plugin database path to: /opt/st/stm32cubeide_1.19.0_3/plugins/com.st.stm32cube.common.mx_6.15.0.202507011659//db//plugins/boardmanager/
2026-01-29 09:34:31,936 [WARN] ApiDb:259 - Overriding images path with different value:  => /opt/st/stm32cubeide_1.19.0_3/plugins/com.st.stm32cube.common.mx_6.15.0.202507011659//db//plugins/mcufinder/images/
2026-01-29 09:34:31,944 [INFO] ApiDb:250 - Set database path to: /home/sunbeam/.stmcufinder/plugins/mcufinder//mcu/
2026-01-29 09:34:31,946 [INFO] DbMcusAds:125 - Set database path to: /home/sunbeam/.stmcufinder/plugins/mcufinder//mcu/
2026-01-29 09:34:31,949 [INFO] CrossReferenceDbSqlite:203 - Set database path to: /home/sunbeam/.stmcufinder/plugins/mcufinder//mcu/cs/
2026-01-29 09:34:32,134 [INFO] RulesReader:64 - Compatibility file has been processed (317 Rules)
2026-01-29 09:34:32,237 [INFO] DbMcusXml:78 - Set database path to: /opt/st/stm32cubeide_1.19.0_3/plugins/com.st.stm32cube.common.mx_6.15.0.202507011659//db//mcu/
2026-01-29 09:34:32,238 [INFO] ApiDb:274 - Set plugin database path to: /opt/st/stm32cubeide_1.19.0_3/plugins/com.st.stm32cube.common.mx_6.15.0.202507011659//db//plugins/boardmanager/
2026-01-29 09:34:32,238 [INFO] ApiDb:261 - Set plugin images path to: /opt/st/stm32cubeide_1.19.0_3/plugins/com.st.stm32cube.common.mx_6.15.0.202507011659//db//plugins/mcufinder/images/
2026-01-29 09:34:32,238 [WARN] DbFile:41 - Overriding database path with different value: /home/sunbeam/.stmcufinder/plugins/mcufinder/ => /home/sunbeam/.stmcufinder/plugins/mcufinder
2026-01-29 09:34:32,238 [INFO] ApiDb:250 - Set database path to: /home/sunbeam/.stmcufinder/plugins/mcufinder//mcu/
2026-01-29 09:34:32,238 [WARN] DbFile:41 - Overriding database path with different value: /home/sunbeam/.stmcufinder/plugins/mcufinder/ => /home/sunbeam/.stmcufinder/plugins/mcufinder
2026-01-29 09:34:32,238 [INFO] DbMcusAds:125 - Set database path to: /home/sunbeam/.stmcufinder/plugins/mcufinder//mcu/
2026-01-29 09:34:32,239 [WARN] DbFile:41 - Overriding database path with different value: /home/sunbeam/.stmcufinder/plugins/mcufinder/ => /home/sunbeam/.stmcufinder/plugins/mcufinder
2026-01-29 09:34:32,239 [WARN] DbFile:41 - Overriding database path with different value: /home/sunbeam/.stmcufinder/plugins/mcufinder/ => /home/sunbeam/.stmcufinder/plugins/mcufinder
2026-01-29 09:34:32,239 [INFO] CrossReferenceDbSqlite:203 - Set database path to: /home/sunbeam/.stmcufinder/plugins/mcufinder//mcu/cs/
2026-01-29 09:34:32,353 [INFO] MainPanel:274 - HeapMemory: 268435456
2026-01-29 09:34:32,574 [INFO] DbMcusXml:78 - Set database path to: /opt/st/stm32cubeide_1.19.0_3/plugins/com.st.stm32cube.common.mx_6.15.0.202507011659//db//mcu/
2026-01-29 09:34:32,574 [INFO] ApiDb:274 - Set plugin database path to: /opt/st/stm32cubeide_1.19.0_3/plugins/com.st.stm32cube.common.mx_6.15.0.202507011659//db//plugins/boardmanager/
2026-01-29 09:34:32,574 [INFO] ApiDb:261 - Set plugin images path to: /opt/st/stm32cubeide_1.19.0_3/plugins/com.st.stm32cube.common.mx_6.15.0.202507011659//db//plugins/mcufinder/images/
2026-01-29 09:34:32,575 [WARN] DbFile:41 - Overriding database path with different value: /home/sunbeam/.stmcufinder/plugins/mcufinder/ => /home/sunbeam/.stmcufinder/plugins/mcufinder
2026-01-29 09:34:32,576 [INFO] ApiDb:250 - Set database path to: /home/sunbeam/.stmcufinder/plugins/mcufinder//mcu/
2026-01-29 09:34:32,576 [WARN] DbFile:41 - Overriding database path with different value: /home/sunbeam/.stmcufinder/plugins/mcufinder/ => /home/sunbeam/.stmcufinder/plugins/mcufinder
2026-01-29 09:34:32,576 [INFO] DbMcusAds:125 - Set database path to: /home/sunbeam/.stmcufinder/plugins/mcufinder//mcu/
2026-01-29 09:34:32,576 [WARN] DbFile:41 - Overriding database path with different value: /home/sunbeam/.stmcufinder/plugins/mcufinder/ => /home/sunbeam/.stmcufinder/plugins/mcufinder
2026-01-29 09:34:32,576 [WARN] DbFile:41 - Overriding database path with different value: /home/sunbeam/.stmcufinder/plugins/mcufinder/ => /home/sunbeam/.stmcufinder/plugins/mcufinder
2026-01-29 09:34:32,577 [INFO] CrossReferenceDbSqlite:203 - Set database path to: /home/sunbeam/.stmcufinder/plugins/mcufinder//mcu/cs/
2026-01-29 09:34:32,608 [INFO] ApplicationProperties:184 - Using Application install path: /opt/st/stm32cubeide_1.19.0_3/plugins/com.st.stm32cube.common.mx_6.15.0.202507011659
2026-01-29 09:34:32,612 [INFO] PluginManage:196 - Search for loadable plugins [exclusion list=, ]
2026-01-29 09:34:32,614 [INFO] PluginManage:310 - Check plugin analytics
2026-01-29 09:34:32,992 [INFO] AnalyticsPlugin:253 - Accepted Software Licenses: 
2026-01-29 09:34:32,993 [INFO] AnalyticsPlugin:255 - Accepted CMSIS Pack Licenses: 
2026-01-29 09:34:32,994 [INFO] AnalyticsPlugin:257 - Accepted Firmware Licenses: 
2026-01-29 09:34:33,004 [INFO] PluginManage:359 - Loaded plugin analytics (category:tool,tabindex:-1)
2026-01-29 09:34:33,005 [INFO] PluginManage:310 - Check plugin cadmodel
2026-01-29 09:34:33,017 [INFO] CADModel:105 - Init CAD model plugin
2026-01-29 09:34:33,018 [INFO] PluginManage:359 - Loaded plugin cadmodel (category:power,tabindex:5)
2026-01-29 09:34:33,018 [INFO] PluginManage:310 - Check plugin clock
2026-01-29 09:34:33,051 [INFO] PluginManage:359 - Loaded plugin clock (category:base,tabindex:2)
2026-01-29 09:34:33,052 [INFO] PluginManage:310 - Check plugin ddr
2026-01-29 09:34:33,061 [INFO] PluginManage:359 - Loaded plugin ddr (category:tool,tabindex:6)
2026-01-29 09:34:33,062 [INFO] PluginManage:310 - Check plugin filemanager
2026-01-29 09:34:33,417 [INFO] PluginManage:359 - Loaded plugin filemanager (category:base,tabindex:10)
2026-01-29 09:34:33,417 [INFO] PluginManage:310 - Check plugin ipmanager
2026-01-29 09:34:33,430 [INFO] PluginManage:359 - Loaded plugin ipmanager (category:base,tabindex:5)
2026-01-29 09:34:33,430 [INFO] PluginManage:310 - Check plugin lpbam
2026-01-29 09:34:33,450 [INFO] PluginManage:359 - Loaded plugin lpbam (category:base,tabindex:0)
2026-01-29 09:34:33,450 [INFO] PluginManage:310 - Check plugin memorymap
2026-01-29 09:34:33,471 [INFO] PluginManage:359 - Loaded plugin memorymap (category:base,tabindex:4)
2026-01-29 09:34:33,472 [INFO] PluginManage:310 - Check plugin pinoutandconfiguration
2026-01-29 09:34:33,486 [INFO] PluginManage:359 - Loaded plugin pinoutandconfiguration (category:base,tabindex:1)
2026-01-29 09:34:33,487 [INFO] PluginManage:310 - Check plugin pinoutconfig
2026-01-29 09:34:33,776 [WARN] SupportedApi:132 - Cannot load RTOS API schema: s4s-elt-must-match.1: The content of 'definitions' must match (annotation?, (simpleType | complexType)?, (unique | key | keyref)*)). A problem was found starting at: attribute.
2026-01-29 09:34:34,057 [INFO] PluginManage:359 - Loaded plugin pinoutconfig (category:base,tabindex:0)
2026-01-29 09:34:34,058 [INFO] PluginManage:310 - Check plugin power
2026-01-29 09:34:34,086 [INFO] PluginManage:359 - Loaded plugin power (category:power,tabindex:4)
2026-01-29 09:34:34,087 [INFO] PluginManage:310 - Check plugin projectmanager
2026-01-29 09:34:34,126 [INFO] PluginManage:359 - Loaded plugin projectmanager (category:projectmanager,tabindex:4)
2026-01-29 09:34:34,126 [INFO] PluginManage:310 - Check plugin rif
2026-01-29 09:34:34,139 [INFO] PluginManage:359 - Loaded plugin rif (category:base,tabindex:3)
2026-01-29 09:34:34,139 [INFO] PluginManage:310 - Check plugin thirdparty
2026-01-29 09:34:34,385 [INFO] PluginManage:359 - Loaded plugin thirdparty (category:base,tabindex:-1)
2026-01-29 09:34:34,385 [WARN] IntegrityCheckThread:84 - waiting for thirdparty lock release [integrity check]
2026-01-29 09:34:34,386 [INFO] PluginManage:310 - Check plugin tools
2026-01-29 09:34:34,386 [INFO] IntegrityCheckThread:86 - entering critical section [integrity check]
2026-01-29 09:34:34,387 [INFO] ThirdPartyUpdaterWithRetryManager:70 - Updater plugin not ready yet. [1/15]
2026-01-29 09:34:34,391 [INFO] PluginManage:359 - Loaded plugin tools (category:base,tabindex:7)
2026-01-29 09:34:34,391 [INFO] PluginManage:310 - Check plugin tutovideos
2026-01-29 09:34:34,676 [INFO] PluginManage:359 - Loaded plugin tutovideos (category:base,tabindex:-1)
2026-01-29 09:34:34,677 [INFO] PluginManage:310 - Check plugin updater
2026-01-29 09:34:34,726 [INFO] PluginManage:359 - Loaded plugin updater (category:base,tabindex:12)
2026-01-29 09:34:34,727 [INFO] PluginManage:310 - Check plugin userauth
2026-01-29 09:34:34,735 [INFO] UserAuth:118 - Init User Auth plugin
2026-01-29 09:34:34,737 [INFO] PluginManage:359 - Loaded plugin userauth (category:base,tabindex:14)
2026-01-29 09:34:34,739 [INFO] PluginManage:283 - PluginManage : Loaded plugins [18]
2026-01-29 09:34:35,080 [INFO] PinOutPanel:1589 - setPackage(No Configuration,No Configuration)
2026-01-29 09:34:35,198 [INFO] CADModel:165 - CPN selected for project level
2026-01-29 09:34:35,199 [INFO] CADModel:114 - Register for checkConnection events
2026-01-29 09:34:35,219 [INFO] IPUIPlugin:80 - create IPUIPlugin
2026-01-29 09:34:35,220 [INFO] PluginManager:220 - loadIPPluginJar : add i2s
2026-01-29 09:34:35,226 [INFO] IPUIPlugin:80 - create IPUIPlugin
2026-01-29 09:34:35,227 [INFO] PluginManager:220 - loadIPPluginJar : add pdm2pcm
2026-01-29 09:34:35,230 [INFO] IPUIPlugin:80 - create IPUIPlugin
2026-01-29 09:34:35,231 [INFO] PluginManager:220 - loadIPPluginJar : add gfxmmu
2026-01-29 09:34:35,242 [INFO] IPUIPlugin:80 - create IPUIPlugin
2026-01-29 09:34:35,242 [INFO] PluginManager:220 - loadIPPluginJar : add fmc
2026-01-29 09:34:35,245 [INFO] IPUIPlugin:80 - create IPUIPlugin
2026-01-29 09:34:35,246 [INFO] PluginManager:220 - loadIPPluginJar : add ucpd
2026-01-29 09:34:35,249 [INFO] IPUIPlugin:80 - create IPUIPlugin
2026-01-29 09:34:35,250 [INFO] PluginManager:220 - loadIPPluginJar : add radio
2026-01-29 09:34:35,254 [INFO] IPUIPlugin:80 - create IPUIPlugin
2026-01-29 09:34:35,254 [INFO] PluginManager:220 - loadIPPluginJar : add tracer_emb
2026-01-29 09:34:35,262 [INFO] IPUIPlugin:80 - create IPUIPlugin
2026-01-29 09:34:35,262 [INFO] PluginManager:220 - loadIPPluginJar : add freertos
2026-01-29 09:34:35,268 [INFO] IPUIPlugin:80 - create IPUIPlugin
2026-01-29 09:34:35,269 [INFO] PluginManager:220 - loadIPPluginJar : add touchsensing
2026-01-29 09:34:35,272 [INFO] IPUIPlugin:80 - create IPUIPlugin
2026-01-29 09:34:35,272 [INFO] PluginManager:220 - loadIPPluginJar : add quadspi
2026-01-29 09:34:35,278 [INFO] IPUIPlugin:80 - create IPUIPlugin
2026-01-29 09:34:35,280 [INFO] PluginManager:220 - loadIPPluginJar : add dma3
2026-01-29 09:34:35,286 [INFO] IPUIPlugin:80 - create IPUIPlugin
2026-01-29 09:34:35,286 [INFO] PluginManager:220 - loadIPPluginJar : add openamp
2026-01-29 09:34:35,290 [INFO] IPUIPlugin:80 - create IPUIPlugin
2026-01-29 09:34:35,290 [INFO] PluginManager:220 - loadIPPluginJar : add ts
2026-01-29 09:34:35,296 [INFO] IPUIPlugin:80 - create IPUIPlugin
2026-01-29 09:34:35,296 [INFO] PluginManager:220 - loadIPPluginJar : add lorawan
2026-01-29 09:34:35,300 [INFO] IPUIPlugin:80 - create IPUIPlugin
2026-01-29 09:34:35,301 [INFO] PluginManager:220 - loadIPPluginJar : add spi
2026-01-29 09:34:35,308 [INFO] IPUIPlugin:80 - create IPUIPlugin
2026-01-29 09:34:35,308 [INFO] PluginManager:220 - loadIPPluginJar : add gpio
2026-01-29 09:34:35,313 [INFO] IPUIPlugin:80 - create IPUIPlugin
2026-01-29 09:34:35,313 [INFO] PluginManager:220 - loadIPPluginJar : add dfsdm
2026-01-29 09:34:35,324 [INFO] IPUIPlugin:80 - create IPUIPlugin
2026-01-29 09:34:35,324 [INFO] PluginManager:220 - loadIPPluginJar : add linkedlist
2026-01-29 09:34:35,335 [INFO] IPUIPlugin:80 - create IPUIPlugin
2026-01-29 09:34:35,335 [INFO] PluginManager:220 - loadIPPluginJar : add stm32_wpan
2026-01-29 09:34:35,340 [INFO] IPUIPlugin:80 - create IPUIPlugin
2026-01-29 09:34:35,341 [INFO] PluginManager:220 - loadIPPluginJar : add nvic
2026-01-29 09:34:35,346 [INFO] IPUIPlugin:80 - create IPUIPlugin
2026-01-29 09:34:35,346 [INFO] PluginManager:220 - loadIPPluginJar : add i3c
2026-01-29 09:34:35,356 [INFO] IPUIPlugin:80 - create IPUIPlugin
2026-01-29 09:34:35,357 [INFO] PluginManager:220 - loadIPPluginJar : add dma
2026-01-29 09:34:35,360 [INFO] IPUIPlugin:80 - create IPUIPlugin
2026-01-29 09:34:35,360 [INFO] PluginManager:220 - loadIPPluginJar : add fatfs
2026-01-29 09:34:35,364 [INFO] IPUIPlugin:80 - create IPUIPlugin
2026-01-29 09:34:35,364 [INFO] PluginManager:220 - loadIPPluginJar : add tim
2026-01-29 09:34:35,370 [INFO] IPUIPlugin:80 - create IPUIPlugin
2026-01-29 09:34:35,370 [INFO] PluginManager:220 - loadIPPluginJar : add ddr_ctrl_phy
2026-01-29 09:34:35,376 [INFO] IPUIPlugin:80 - create IPUIPlugin
2026-01-29 09:34:35,376 [INFO] PluginManager:220 - loadIPPluginJar : add usbx
2026-01-29 09:34:35,386 [INFO] IPUIPlugin:80 - create IPUIPlugin
2026-01-29 09:34:35,392 [INFO] PluginManager:220 - loadIPPluginJar : add plateformsettings
2026-01-29 09:34:35,396 [INFO] IPUIPlugin:80 - create IPUIPlugin
2026-01-29 09:34:35,397 [INFO] PluginManager:220 - loadIPPluginJar : add cryp
2026-01-29 09:34:35,403 [INFO] IPUIPlugin:80 - create IPUIPlugin
2026-01-29 09:34:35,403 [INFO] PluginManager:220 - loadIPPluginJar : add resmgrutility
2026-01-29 09:34:35,408 [INFO] IPUIPlugin:80 - create IPUIPlugin
2026-01-29 09:34:35,408 [INFO] PluginManager:220 - loadIPPluginJar : add extmemmanager
2026-01-29 09:34:35,413 [INFO] IPUIPlugin:80 - create IPUIPlugin
2026-01-29 09:34:35,413 [INFO] PluginManager:220 - loadIPPluginJar : add aes
2026-01-29 09:34:35,416 [INFO] IPUIPlugin:80 - create IPUIPlugin
2026-01-29 09:34:35,416 [INFO] PluginManager:220 - loadIPPluginJar : add comp
2026-01-29 09:34:35,425 [INFO] IPUIPlugin:80 - create IPUIPlugin
2026-01-29 09:34:35,426 [INFO] PluginManager:220 - loadIPPluginJar : add gic
2026-01-29 09:34:35,431 [INFO] IPUIPlugin:80 - create IPUIPlugin
2026-01-29 09:34:35,432 [INFO] PluginManager:220 - loadIPPluginJar : add i2c
2026-01-29 09:34:35,436 [INFO] IPUIPlugin:80 - create IPUIPlugin
2026-01-29 09:34:35,436 [INFO] PluginManager:220 - loadIPPluginJar : add hash
2026-01-29 09:34:35,446 [INFO] IPUIPlugin:80 - create IPUIPlugin
2026-01-29 09:34:35,447 [INFO] PluginManager:220 - loadIPPluginJar : add mdma
2026-01-29 09:34:35,452 [INFO] IPUIPlugin:80 - create IPUIPlugin
2026-01-29 09:34:35,452 [INFO] PluginManager:220 - loadIPPluginJar : add gtzc
2026-01-29 09:34:35,457 [INFO] IPUIPlugin:80 - create IPUIPlugin
2026-01-29 09:34:35,457 [INFO] PluginManager:220 - loadIPPluginJar : add can
2026-01-29 09:34:35,460 [INFO] IPUIPlugin:80 - create IPUIPlugin
2026-01-29 09:34:35,461 [INFO] PluginManager:220 - loadIPPluginJar : add genericplugin
2026-01-29 09:34:35,463 [INFO] IPUIPlugin:80 - create IPUIPlugin
2026-01-29 09:34:35,464 [INFO] PluginManager:220 - loadIPPluginJar : add ltdc
2026-01-29 09:34:35,469 [INFO] IPUIPlugin:80 - create IPUIPlugin
2026-01-29 09:34:35,469 [INFO] PluginManager:220 - loadIPPluginJar : add usart
2026-01-29 09:34:35,474 [INFO] IPUIPlugin:80 - create IPUIPlugin
2026-01-29 09:34:35,475 [INFO] PluginManager:220 - loadIPPluginJar : add sai
2026-01-29 09:34:35,481 [INFO] IPUIPlugin:80 - create IPUIPlugin
2026-01-29 09:34:35,481 [INFO] PluginManager:220 - loadIPPluginJar : add opamp
2026-01-29 09:34:35,494 [INFO] IPUIPlugin:80 - create IPUIPlugin
2026-01-29 09:34:35,494 [INFO] PluginManager:220 - loadIPPluginJar : add adc
2026-01-29 09:34:35,499 [INFO] IPUIPlugin:80 - create IPUIPlugin
2026-01-29 09:34:35,500 [INFO] PluginManager:220 - loadIPPluginJar : add ipddr
2026-01-29 09:34:35,502 [INFO] IPUIPlugin:80 - create IPUIPlugin
2026-01-29 09:34:35,503 [INFO] PluginManager:220 - loadIPPluginJar : add tsc
2026-01-29 09:34:35,642 [FATAL] Updater:351 - Updater called before beeing initialized
2026-01-29 09:34:35,689 [INFO] RulesReader:64 - Compatibility file has been processed (317 Rules)
2026-01-29 09:34:35,709 [INFO] RulesReader:64 - Compatibility file has been processed (317 Rules)
2026-01-29 09:34:35,728 [INFO] CADModel:165 - CPN selected for project level
2026-01-29 09:34:35,728 [INFO] CADModel:114 - Register for checkConnection events
2026-01-29 09:34:35,728 [FATAL] Updater:351 - Updater called before beeing initialized
2026-01-29 09:34:35,728 [ERROR] CADModel:125 - Updater not yet initialized, retry later 
2026-01-29 09:34:35,940 [FATAL] Updater:351 - Updater called before beeing initialized
2026-01-29 09:34:35,943 [INFO] CADModel:165 - CPN selected for project level
2026-01-29 09:34:35,943 [INFO] CADModel:114 - Register for checkConnection events
2026-01-29 09:34:35,944 [FATAL] Updater:351 - Updater called before beeing initialized
2026-01-29 09:34:35,944 [ERROR] CADModel:125 - Updater not yet initialized, retry later 
2026-01-29 09:34:35,950 [FATAL] Updater:351 - Updater called before beeing initialized
2026-01-29 09:34:36,122 [FATAL] Updater:351 - Updater called before beeing initialized
2026-01-29 09:34:36,128 [INFO] DbMcusAds:53 - JSON generation date=Thu Jan 08 21:27:51 IST 2026 (1767887871456)
2026-01-29 09:34:36,129 [FATAL] Updater:351 - Updater called before beeing initialized
2026-01-29 09:34:36,178 [WARN] DetailPanel:346 - Failed to get advertising image, set to default
2026-01-29 09:34:36,304 [FATAL] Updater:351 - Updater called before beeing initialized
2026-01-29 09:34:36,308 [FATAL] Updater:351 - Updater called before beeing initialized
2026-01-29 09:34:36,308 [FATAL] Updater:351 - Updater called before beeing initialized
2026-01-29 09:34:36,308 [WARN] DetailPanel:346 - Failed to get advertising image, set to default
2026-01-29 09:34:36,311 [FATAL] Updater:351 - Updater called before beeing initialized
2026-01-29 09:34:36,397 [ERROR] Updater:1198 - MainUpdater not yet initialized. External WinMGr cannot be set.
2026-01-29 09:34:36,402 [INFO] Updater:1134 - Updater Version found : 6.15.0
2026-01-29 09:34:36,448 [INFO] ApplicationProperties:184 - Using Application install path: /opt/st/stm32cubeide_1.19.0_3/plugins/com.st.stm32cube.common.mx_6.15.0.202507011659
2026-01-29 09:34:37,081 [INFO] MainUpdater:2872 - connection check result : 10
2026-01-29 09:34:37,082 [INFO] MainUpdater:289 - Updater Check For Update Now.
2026-01-29 09:34:37,082 [INFO] MicroXplorer:498 - Change Database Version : DB.6.0.150
2026-01-29 09:34:37,091 [INFO] McuFinderGlobals:63 - Set McuFinder mode to 2 (CubeIDE integrated)
2026-01-29 09:34:37,093 [INFO] UserAuth:487 - Internet connection configuration mode: 1
2026-01-29 09:34:37,129 [INFO] JxBrowserEngine:152 - Initiate JxBrowser Engine with user profile folder
2026-01-29 09:34:37,360 [INFO] CheckServerUpdateThread:120 - End of CheckServer Thread
2026-01-29 09:34:38,422 [WARN] PackLoader:240 - Cannot read IP mode file for STMicroelectronics.FP-SNS-MOTENVWB1.1.4.0
2026-01-29 09:34:38,757 [WARN] PackLoader:240 - Cannot read IP mode file for STMicroelectronics.FP-ATR-ASTRA1.2.0.2
2026-01-29 09:34:39,928 [WARN] PackLoader:240 - Cannot read IP mode file for STMicroelectronics.X-CUBE-SMBUS.2.1.0
2026-01-29 09:34:40,462 [WARN] PackLoader:240 - Cannot read IP mode file for STMicroelectronics.X-CUBE-AZRTOS-F7.1.1.0
2026-01-29 09:34:40,829 [WARN] PackLoader:240 - Cannot read IP mode file for Cesanta.I-CUBE-Mongoose.7.19.0
2026-01-29 09:34:40,996 [WARN] PackLoader:240 - Cannot read IP mode file for STMicroelectronics.FP-SNS-MOTENV1.5.1.0
2026-01-29 09:34:41,882 [WARN] PackLoader:240 - Cannot read IP mode file for WES.I-CUBE-Cesium.1.4.0
2026-01-29 09:34:42,073 [WARN] PackLoader:240 - Cannot read IP mode file for Infineon.AIROC-Wi-Fi-Bluetooth-STM32.1.7.1
2026-01-29 09:34:42,276 [WARN] PackLoader:240 - Cannot read IP mode file for STMicroelectronics.X-CUBE-AZRTOS-H7.3.4.0
2026-01-29 09:34:42,397 [WARN] PackLoader:240 - Cannot read IP mode file for STMicroelectronics.X-CUBE-DISPLAY.3.0.0
2026-01-29 09:34:42,587 [WARN] PackLoader:240 - Cannot read IP mode file for STMicroelectronics.X-CUBE-NFC10.1.0.0
2026-01-29 09:34:42,705 [WARN] PackLoader:240 - Cannot read IP mode file for STMicroelectronics.X-CUBE-ST60.1.1.0
2026-01-29 09:34:42,862 [WARN] PackLoader:240 - Cannot read IP mode file for emotas.I-CUBE-CANOPEN.1.3.0
2026-01-29 09:34:43,562 [WARN] PackLoader:240 - Cannot read IP mode file for STMicroelectronics.X-CUBE-GNSS1.7.1.0
2026-01-29 09:34:44,400 [WARN] PackLoader:240 - Cannot read IP mode file for STMicroelectronics.FP-SNS-SMARTAG2.1.2.0
2026-01-29 09:34:44,496 [WARN] PackLoader:240 - Cannot read IP mode file for STMicroelectronics.FP-SNS-FLIGHT1.5.1.0
2026-01-29 09:34:44,772 [INFO] LogOutputStream:77 - [STDOUT_REDIRECT] 1 : Invalid condition id : UX_CORESTACK_Condition cause : null
2026-01-29 09:34:44,774 [INFO] LogOutputStream:77 - [STDOUT_REDIRECT] 1 : Invalid condition id : UX_CORESTACK_Condition cause : null
2026-01-29 09:34:44,775 [INFO] LogOutputStream:77 - [STDOUT_REDIRECT] 1 : Invalid condition id : UX_CORESTACK_Condition cause : null
2026-01-29 09:34:44,776 [INFO] LogOutputStream:77 - [STDOUT_REDIRECT] 1 : Invalid condition id : UX_CORESTACK_Condition cause : null
2026-01-29 09:34:44,777 [INFO] LogOutputStream:77 - [STDOUT_REDIRECT] 1 : Invalid condition id : UX_CORESTACK_Condition cause : null
2026-01-29 09:34:44,785 [WARN] PackLoader:240 - Cannot read IP mode file for STMicroelectronics.X-CUBE-AZRTOS-WL.2.0.0
2026-01-29 09:34:44,840 [WARN] PackLoader:240 - Cannot read IP mode file for STMicroelectronics.FP-SNS-MOTENV1.5.0.0
2026-01-29 09:34:45,098 [WARN] PackLoader:240 - Cannot read IP mode file for STMicroelectronics.X-CUBE-AZRTOS-H7RS.1.2.0
2026-01-29 09:34:45,311 [WARN] PackLoader:240 - Cannot read IP mode file for STMicroelectronics.X-CUBE-BLE2.3.3.0
2026-01-29 09:34:45,652 [INFO] WebApp:169 - Instantiating new browser for Auth
2026-01-29 09:34:45,776 [WARN] PackLoader:240 - Cannot read IP mode file for STMicroelectronics.X-CUBE-NFC9.1.0.0
2026-01-29 09:34:45,900 [WARN] PackLoader:240 - Cannot read IP mode file for wolfSSL.I-CUBE-wolfSSL.5.8.2
2026-01-29 09:34:46,029 [WARN] PackLoader:240 - Cannot read IP mode file for STMicroelectronics.X-CUBE-BLE1.7.1.0
2026-01-29 09:34:46,131 [WARN] PackLoader:240 - Cannot read IP mode file for wolfSSL.I-CUBE-wolfMQTT.1.19.2
2026-01-29 09:34:46,379 [WARN] PackLoader:240 - Cannot read IP mode file for STMicroelectronics.X-CUBE-FREERTOS.1.4.0
2026-01-29 09:34:46,594 [WARN] PackLoader:240 - Cannot read IP mode file for STMicroelectronics.X-CUBE-ST67W61.1.1.0
2026-01-29 09:34:47,426 [WARN] PackLoader:240 - Cannot read IP mode file for STMicroelectronics.X-CUBE-MEMS1.12.0.0
2026-01-29 09:34:48,477 [WARN] PackLoader:240 - Cannot read IP mode file for STMicroelectronics.X-CUBE-AZRTOS-G0.1.1.0
2026-01-29 09:34:48,679 [WARN] PackLoader:240 - Cannot read IP mode file for STMicroelectronics.X-CUBE-SAFEA1.1.2.2
2026-01-29 09:34:49,006 [WARN] PackLoader:240 - Cannot read IP mode file for STMicroelectronics.X-CUBE-NFC4.3.0.0
2026-01-29 09:34:49,239 [WARN] PackLoader:240 - Cannot read IP mode file for EmbeddedOffice.I-CUBE-FS-RTOS.1.0.1
2026-01-29 09:34:49,676 [WARN] PackLoader:240 - Cannot read IP mode file for STMicroelectronics.X-CUBE-WB05N.2.0.0
2026-01-29 09:34:49,928 [WARN] PackLoader:240 - Cannot read IP mode file for wolfSSL.I-CUBE-wolfTPM.3.8.0
2026-01-29 09:34:50,195 [WARN] PackLoader:240 - Cannot read IP mode file for STMicroelectronics.X-CUBE-TCPP.4.2.0
2026-01-29 09:34:50,371 [WARN] PackLoader:240 - Cannot read IP mode file for RealThread.X-CUBE-RT-Thread_Nano.4.1.1
2026-01-29 09:34:50,740 [WARN] PackLoader:240 - Cannot read IP mode file for STMicroelectronics.FP-ATR-SIGFOX1.3.2.0
2026-01-29 09:34:51,212 [WARN] PackLoader:240 - Cannot read IP mode file for ITTIA_DB.I-CUBE-ITTIADB.8.9.0
2026-01-29 09:34:51,505 [WARN] PackLoader:240 - Cannot read IP mode file for STMicroelectronics.X-CUBE-NFC6.3.2.0
2026-01-29 09:34:51,978 [WARN] PackLoader:240 - Cannot read IP mode file for SEGGER.I-CUBE-embOS.1.3.1
2026-01-29 09:34:52,311 [WARN] PackLoader:240 - Cannot read IP mode file for STMicroelectronics.X-CUBE-ALGOBUILD.1.4.0
2026-01-29 09:34:52,887 [WARN] PackLoader:240 - Cannot read IP mode file for STMicroelectronics.X-CUBE-MEMS1.11.3.0
2026-01-29 09:34:53,621 [WARN] PackLoader:240 - Cannot read IP mode file for STMicroelectronics.X-CUBE-PM33A1.1.0.0
2026-01-29 09:34:54,722 [WARN] PackLoader:240 - Cannot read IP mode file for STMicroelectronics.X-CUBE-AZRTOS-F4.1.1.0
2026-01-29 09:34:55,137 [WARN] PackLoader:240 - Cannot read IP mode file for STMicroelectronics.X-CUBE-ISPU.2.1.0
2026-01-29 09:34:55,608 [WARN] PackLoader:240 - Cannot read IP mode file for STMicroelectronics.X-CUBE-IPS.3.2.0
2026-01-29 09:34:56,031 [WARN] PackLoader:240 - Cannot read IP mode file for STMicroelectronics.X-CUBE-NFC12.1.0.0
2026-01-29 09:34:56,788 [WARN] PackLoader:240 - Cannot read IP mode file for STMicroelectronics.X-CUBE-AZRTOS-L5.2.0.0
2026-01-29 09:34:57,131 [WARN] PackLoader:240 - Cannot read IP mode file for STMicroelectronics.X-CUBE-NFC6.3.1.0
2026-01-29 09:34:57,396 [WARN] PackLoader:240 - Cannot read IP mode file for STMicroelectronics.X-CUBE-FREERTOS.1.3.1
2026-01-29 09:34:57,619 [WARN] PackLoader:240 - Cannot read IP mode file for STMicroelectronics.X-CUBE-TOUCHGFX.4.26.0
2026-01-29 09:34:58,595 [WARN] PackLoader:240 - Cannot read IP mode file for STMicroelectronics.X-CUBE-DPower.1.3.0
2026-01-29 09:34:59,224 [WARN] ConditionMgr:438 - getConditionDescription Invalid condition id : LAN8742 Phy interface Condition cause : null
2026-01-29 09:34:59,225 [WARN] PackLoader:240 - Cannot read IP mode file for STMicroelectronics.X-CUBE-AZRTOS-L4.2.0.0
2026-01-29 09:34:59,227 [WARN] ConditionMgr:1044 - genDependencies : Invalid condition id : LAN8742 Phy interface Condition cause : null
2026-01-29 09:34:59,228 [WARN] ConditionMgr:1044 - genDependencies : Invalid condition id : LAN8742 Phy interface Condition cause : null
2026-01-29 09:34:59,229 [WARN] ConditionMgr:1044 - genDependencies : Invalid condition id : LAN8742 Phy interface Condition cause : null
2026-01-29 09:34:59,459 [WARN] PackLoader:240 - Cannot read IP mode file for STMicroelectronics.X-CUBE-SFXS2LP1.4.0.0
2026-01-29 09:34:59,976 [WARN] PackLoader:240 - Cannot read IP mode file for STMicroelectronics.X-CUBE-ST67W61.1.2.0
2026-01-29 09:35:01,331 [WARN] ConditionMgr:438 - getConditionDescription Invalid condition id : UX DEVICE CLASS RTOS Condition cause : null
2026-01-29 09:35:01,332 [WARN] ConditionMgr:438 - getConditionDescription Invalid condition id : UX DEVICE CLASS RTOS Condition cause : null
2026-01-29 09:35:01,333 [WARN] PackLoader:240 - Cannot read IP mode file for STMicroelectronics.X-CUBE-AZRTOS-WB.2.0.0
2026-01-29 09:35:01,334 [WARN] ConditionMgr:1044 - genDependencies : Invalid condition id : UX DEVICE CLASS RTOS Condition cause : null
2026-01-29 09:35:01,334 [WARN] ConditionMgr:1044 - genDependencies : Invalid condition id : UX DEVICE CLASS RTOS Condition cause : null
2026-01-29 09:35:01,334 [WARN] ConditionMgr:1044 - genDependencies : Invalid condition id : UX DEVICE CLASS RTOS Condition cause : null
2026-01-29 09:35:01,335 [WARN] ConditionMgr:1044 - genDependencies : Invalid condition id : UX DEVICE CLASS RTOS Condition cause : null
2026-01-29 09:35:01,335 [WARN] ConditionMgr:1044 - genDependencies : Invalid condition id : UX DEVICE CLASS RTOS Condition cause : null
2026-01-29 09:35:01,625 [WARN] PackLoader:240 - Cannot read IP mode file for STMicroelectronics.X-CUBE-GNSS1.7.0.1
2026-01-29 09:35:01,923 [WARN] ConditionMgr:438 - getConditionDescription Invalid condition id : Cortex-A Device cause : null
2026-01-29 09:35:02,263 [WARN] ConditionMgr:1044 - genDependencies : Invalid condition id : Cortex-A Device cause : null
2026-01-29 09:35:02,264 [WARN] ConditionMgr:1044 - genDependencies : Invalid condition id : Cortex-A Device cause : null
2026-01-29 09:35:02,264 [WARN] ConditionMgr:1044 - genDependencies : Invalid condition id : Cortex-A Device cause : null
2026-01-29 09:35:02,366 [WARN] PackLoader:240 - Cannot read IP mode file for STMicroelectronics.X-CUBE-STSE01.2.0.0
2026-01-29 09:35:02,523 [WARN] PackLoader:240 - Cannot read IP mode file for STMicroelectronics.X-CUBE-SUBG2.5.0.0
2026-01-29 09:35:02,773 [WARN] PackLoader:240 - Cannot read IP mode file for STMicroelectronics.X-CUBE-AZRTOS-H7RS.1.1.0
2026-01-29 09:35:02,959 [WARN] PackLoader:240 - Cannot read IP mode file for STMicroelectronics.X-CUBE-AZRTOS-G4.2.0.0
2026-01-29 09:35:03,011 [WARN] PackLoader:240 - Cannot read IP mode file for wolfSSL.I-CUBE-wolfSSH.1.4.20
2026-01-29 09:35:03,071 [WARN] PackLoader:240 - Cannot read IP mode file for STMicroelectronics.X-CUBE-NFC7.2.0.0
2026-01-29 09:35:03,172 [WARN] PackLoader:240 - Cannot read IP mode file for STMicroelectronics.X-CUBE-ALS.1.0.2
2026-01-29 09:35:03,277 [WARN] PackLoader:240 - Cannot read IP mode file for STMicroelectronics.X-CUBE-STSE01.1.0.0
2026-01-29 09:35:03,445 [WARN] PackLoader:240 - Cannot read IP mode file for STMicroelectronics.X-CUBE-TOF1.3.4.3
2026-01-29 09:35:03,463 [INFO] ThirdParty:978 - Integrity check success = true
2026-01-29 09:35:03,463 [INFO] IntegrityCheckThread:100 - exiting critical section [integrity check]
2026-01-29 09:35:03,463 [INFO] IntegrityCheckThread:103 - End integrity checks thread
2026-01-29 09:35:06,317 [INFO] WebApp:463 - Apply proxy settings
2026-01-29 09:35:06,318 [INFO] WebApp:548 - Chromium requires no authentication
2026-01-29 09:35:06,625 [INFO] WebApp:491 - Direct internet connection detected
2026-01-29 09:35:06,965 [INFO] WebApp:900 - Register for checkConnection events
2026-01-29 09:35:06,965 [INFO] WebApp:463 - Apply proxy settings
2026-01-29 09:35:06,966 [INFO] WebApp:548 - Chromium requires no authentication
2026-01-29 09:35:06,967 [INFO] WebApp:491 - Direct internet connection detected
2026-01-29 09:35:10,955 [INFO] WebApp:225 - Starting web application
2026-01-29 09:35:10,956 [INFO] WebApp:593 - Web application path used /opt/st/stm32cubeide_1.19.0_3/plugins/com.st.stm32cube.common.mx_6.15.0.202507011659/db/plugins/mcufinder/reactClient1/index.html
2026-01-29 09:35:12,031 [INFO] UserAuth:487 - Internet connection configuration mode: 1
2026-01-29 09:35:15,075 [INFO] WebApp:191 - Connection restablished
2026-01-29 09:35:18,783 [ERROR] LogOutputStream:75 - [STDERR_REDIRECT] 
